
> moviemania5@1.0.0 start
> concurrently "npm run server" "npm run client"

[0] 
[0] > moviemania5@1.0.0 server
[0] > node back/server.js
[0] 
[1] 
[1] > moviemania5@1.0.0 client
[1] > cd front && npm start
[1] 
[1] 
[1] > front@0.1.0 start
[1] > react-scripts start
[1] 
[0] 🚀 Server with Socket.IO listening on port 3000
[0] 🔔 Auto notification system is running
[0] 👥 User-based notifications enabled
[0] 🌐 Frontend URL: http://localhost:5001
[0] 📡 Socket CORS Origin: http://localhost:5001
[1] ^C^CTerminate batch job (Y/N)? 
[0] ^C
[1] ^CTerminate batch job (Y/N)? 
[1] npm run client exited with code 3221225786
[0] npm run server exited with code 3221225786
^C